=== probes base+s234+tbstr
base+s234+tbstr                  mctsx:4000 vs onefront       n=200   A=0.990±0.014  W/D/L 198/0/2  draw=0.0%  seat0=0.500  margin=+7.43  tA=0.16s tB=0.00s
    decided=200 winner behind after cp1=5.0% cp2=1.0%  lead changes/game=0.05  final cp could decide=100.0%  A kinds D/S/R=85/12/3%  B kinds=100/0/0%
    level on points=0.0% (0 games: A won 0, drew 0, lost 0)
base+s234+tbstr                  mctsx:4000 vs highfirst      n=200   A=0.990±0.014  W/D/L 198/0/2  draw=0.0%  seat0=0.500  margin=+7.16  tA=0.15s tB=0.00s
    decided=200 winner behind after cp1=81.5% cp2=45.5%  lead changes/game=0.89  final cp could decide=100.0%  A kinds D/S/R=90/9/1%  B kinds=100/0/0%
    level on points=2.0% (4 games: A won 4, drew 0, lost 0)
base+s234+tbstr                  mctsx:4000 vs pile           n=200   A=0.990±0.014  W/D/L 198/0/2  draw=0.0%  seat0=0.490  margin=+7.33  tA=0.15s tB=0.00s
    decided=200 winner behind after cp1=6.5% cp2=2.5%  lead changes/game=0.07  final cp could decide=100.0%  A kinds D/S/R=85/11/4%  B kinds=100/0/0%
    level on points=0.0% (0 games: A won 0, drew 0, lost 0)
base+s234+tbstr                  mctsx:4000 vs mirror         n=200   A=0.985±0.017  W/D/L 197/0/3  draw=0.0%  seat0=0.485  margin=+5.23  tA=0.14s tB=0.00s
    decided=200 winner behind after cp1=24.5% cp2=14.5%  lead changes/game=0.36  final cp could decide=100.0%  A kinds D/S/R=88/10/2%  B kinds=88/8/4%
    level on points=1.5% (3 games: A won 3, drew 0, lost 0)
base+s234+tbstr                  mctsx:4000 vs deployonly     n=200   A=0.940±0.033  W/D/L 188/0/12  draw=0.0%  seat0=0.530  margin=+4.29  tA=0.15s tB=0.00s
    decided=200 winner behind after cp1=29.5% cp2=18.5%  lead changes/game=0.51  final cp could decide=100.0%  A kinds D/S/R=89/10/2%  B kinds=100/0/0%
    level on points=0.5% (1 games: A won 1, drew 0, lost 0)
base+s234+tbstr                  mctsx:4000 vs casual         n=200   A=0.925±0.037  W/D/L 185/0/15  draw=0.0%  seat0=0.505  margin=+3.78  tA=0.15s tB=0.00s
    decided=200 winner behind after cp1=52.0% cp2=30.5%  lead changes/game=0.80  final cp could decide=100.0%  A kinds D/S/R=87/11/2%  B kinds=84/11/5%
    level on points=2.5% (5 games: A won 5, drew 0, lost 0)
base+s234+tbstr                  mctsx:4000 vs lowfirst       n=200   A=0.965±0.026  W/D/L 193/0/7  draw=0.0%  seat0=0.505  margin=+3.15  tA=0.14s tB=0.00s
    decided=200 winner behind after cp1=3.5% cp2=2.0%  lead changes/game=0.04  final cp could decide=84.5%  A kinds D/S/R=89/9/2%  B kinds=100/0/0%
    level on points=10.0% (20 games: A won 20, drew 0, lost 0)
base+s234+tbstr                 mctsx:16000 vs lowfirst       n=200   A=1.000±0.000  W/D/L 200/0/0  draw=0.0%  seat0=0.500  margin=+3.66  tA=0.69s tB=0.00s
    decided=200 winner behind after cp1=0.5% cp2=0.5%  lead changes/game=0.01  final cp could decide=73.0%  A kinds D/S/R=90/8/2%  B kinds=100/0/0%
    level on points=12.0% (24 games: A won 24, drew 0, lost 0)
base+s234+tbstr                    lowfirst vs casual         n=400   A=0.494±0.049  W/D/L 197/1/202  draw=0.2%  seat0=0.499  margin=+0.81  tA=0.00s tB=0.00s
    decided=399 winner behind after cp1=47.4% cp2=46.9%  lead changes/game=0.49  final cp could decide=62.2%  A kinds D/S/R=100/0/0%  B kinds=85/10/5%
    level on points=8.5% (34 games: A won 3, drew 1, lost 30)
base+s234+tbstr                    tactical vs lowfirst       n=400   A=0.953±0.021  W/D/L 381/0/19  draw=0.0%  seat0=0.517  margin=+3.58  tA=0.00s tB=0.00s
    decided=400 winner behind after cp1=4.8% cp2=4.8%  lead changes/game=0.04  final cp could decide=29.5%  A kinds D/S/R=82/8/10%  B kinds=100/0/0%
    level on points=2.8% (11 games: A won 10, drew 0, lost 1)
