=== base+s234
base+s234                        mctsx:4000 vs mctsx:1000     n=1200  A=0.736±0.025  W/D/L 877/13/310  draw=1.1%  seat0=0.509  margin=+2.64  tA=0.16s tB=0.04s
    decided=1187 winner behind after cp1=32.2% cp2=24.9%  lead changes/game=0.62  final cp could decide=100.0%  A kinds D/S/R=89/9/1%  B kinds=88/10/1%
    level on points=1.1% (13 games: A won 0, drew 13, lost 0)
base+s234                       mctsx:16000 vs mctsx:4000     n=600   A=0.714±0.036  W/D/L 420/17/163  draw=2.8%  seat0=0.531  margin=+2.08  tA=0.79s tB=0.18s
    decided=583 winner behind after cp1=25.9% cp2=20.9%  lead changes/game=0.52  final cp could decide=100.0%  A kinds D/S/R=89/10/1%  B kinds=91/9/1%
    level on points=2.8% (17 games: A won 0, drew 17, lost 0)
base+s234                        mctsx:4000 vs mctsx:4000     n=600   A=0.467±0.040  W/D/L 275/10/315  draw=1.7%  seat0=0.473  margin=-0.14  tA=0.17s tB=0.18s
    decided=590 winner behind after cp1=31.9% cp2=29.2%  lead changes/game=0.66  final cp could decide=100.0%  A kinds D/S/R=90/10/1%  B kinds=90/9/1%
    level on points=1.7% (10 games: A won 0, drew 10, lost 0)
    final turns that were sequential: 0 of 600
base+s234                    final turn via mctsx:4000 n=600 saddle=69.7% (already decided 69.2%)  mean guess width=0.295  mixed support=2.62 of 22.6 actions  NE-minus-random=0.322  width hist [("0.0", 418), ("0.5", 10), ("1.0", 172)]
base+s234                         mcts:4000 vs mcts:1000      n=600   A=0.802±0.032  W/D/L 480/3/117  draw=0.5%  seat0=0.511  margin=+2.67  tA=0.11s tB=0.02s
    decided=597 winner behind after cp1=30.8% cp2=26.3%  lead changes/game=0.61  final cp could decide=99.8%  A kinds D/S/R=87/12/2%  B kinds=86/12/2%
    level on points=0.5% (3 games: A won 0, drew 3, lost 0)
=== base+tbstr
base+tbstr                       mctsx:4000 vs mctsx:1000     n=1200  A=0.769±0.024  W/D/L 921/3/276  draw=0.2%  seat0=0.496  margin=+1.80  tA=0.17s tB=0.04s
    decided=1197 winner behind after cp1=34.5% cp2=30.1%  lead changes/game=0.55  final cp could decide=100.0%  A kinds D/S/R=90/9/1%  B kinds=89/10/1%
    level on points=18.0% (216 games: A won 168, drew 3, lost 45)
base+tbstr                      mctsx:16000 vs mctsx:4000     n=600   A=0.724±0.036  W/D/L 433/3/164  draw=0.5%  seat0=0.492  margin=+1.59  tA=0.86s tB=0.19s
    decided=597 winner behind after cp1=36.3% cp2=24.8%  lead changes/game=0.49  final cp could decide=100.0%  A kinds D/S/R=90/9/1%  B kinds=91/8/1%
    level on points=16.3% (98 games: A won 76, drew 3, lost 19)
base+tbstr                       mctsx:4000 vs mctsx:4000     n=600   A=0.482±0.040  W/D/L 288/3/309  draw=0.5%  seat0=0.537  margin=-0.27  tA=0.18s tB=0.18s
    decided=597 winner behind after cp1=33.3% cp2=32.5%  lead changes/game=0.56  final cp could decide=100.0%  A kinds D/S/R=91/8/1%  B kinds=90/9/1%
    level on points=17.3% (104 games: A won 53, drew 3, lost 48)
    final turns that were sequential: 0 of 600
base+tbstr                   final turn via mctsx:4000 n=600 saddle=61.5% (already decided 61.0%)  mean guess width=0.378  mixed support=2.43 of 23.9 actions  NE-minus-random=0.338  width hist [("0.0", 369), ("0.5", 8), ("1.0", 223)]
base+tbstr                        mcts:4000 vs mcts:1000      n=600   A=0.770±0.034  W/D/L 460/4/136  draw=0.7%  seat0=0.517  margin=+1.66  tA=0.12s tB=0.03s
    decided=596 winner behind after cp1=33.1% cp2=27.2%  lead changes/game=0.53  final cp could decide=100.0%  A kinds D/S/R=87/11/2%  B kinds=86/12/2%
    level on points=20.7% (124 games: A won 96, drew 4, lost 24)
=== base+s234+tbfinal (second batch)
base+s234+tbfinal                mctsx:4000 vs mctsx:1000     n=2400  A=0.738±0.018  W/D/L 1770/1/629  draw=0.0%  seat0=0.486  margin=+2.46  tA=0.17s tB=0.04s
    decided=2399 winner behind after cp1=29.1% cp2=25.6%  lead changes/game=0.60  final cp could decide=99.9%  A kinds D/S/R=89/10/1%  B kinds=89/10/1%
    level on points=0.9% (22 games: A won 11, drew 1, lost 10)
base+s234+tbfinal               mctsx:16000 vs mctsx:4000     n=600   A=0.709±0.036  W/D/L 425/1/174  draw=0.2%  seat0=0.526  margin=+2.40  tA=0.93s tB=0.21s
    decided=599 winner behind after cp1=30.6% cp2=29.2%  lead changes/game=0.61  final cp could decide=100.0%  A kinds D/S/R=89/10/1%  B kinds=90/9/1%
    level on points=1.5% (9 games: A won 3, drew 1, lost 5)
base+s234+tbfinal                 mcts:4000 vs mcts:1000      n=1200  A=0.771±0.024  W/D/L 925/1/274  draw=0.1%  seat0=0.511  margin=+2.51  tA=0.12s tB=0.03s
    decided=1199 winner behind after cp1=26.8% cp2=25.9%  lead changes/game=0.58  final cp could decide=100.0%  A kinds D/S/R=86/12/2%  B kinds=86/13/2%
    level on points=1.6% (19 games: A won 12, drew 1, lost 6)
=== base+s234+tbstr (second batch)
